<?xml version="1.0" encoding="utf-8"?><testsuites><testsuite name="pytest" errors="0" failures="0" skipped="0" tests="18" time="76.681" timestamp="2024-05-04T23:34:12.733420" hostname="ampere1.stanford.edu"><testcase classname="tests.test_ddp" name="test_DistributedDataParallelCPU[0.0016-ToyModel]" time="8.864" /><testcase classname="tests.test_ddp" name="test_DistributedDataParallelCPU[0.0016-ToyModelWithTiedWeights]" time="6.278" /><testcase classname="tests.test_ddp" name="test_DistributedDataParallelCPU[0.0001-ToyModel]" time="7.567" /><testcase classname="tests.test_ddp" name="test_DistributedDataParallelCPU[0.0001-ToyModelWithTiedWeights]" time="6.213" /><testcase classname="tests.test_ddp" name="test_DistributedDataParallelCPU[0.01-ToyModel]" time="7.250" /><testcase classname="tests.test_ddp" name="test_DistributedDataParallelCPU[0.01-ToyModelWithTiedWeights]" time="6.171" /><testcase classname="tests.test_ddp_individual_parameters" name="test_DistributedDataParallelIndividualParameters[ToyModel]" time="7.309" /><testcase classname="tests.test_ddp_individual_parameters" name="test_DistributedDataParallelIndividualParameters[ToyModelWithTiedWeights]" time="6.357" /><testcase classname="tests.test_rmsnorm" name="test_rmsnorm_forward_pass_pytorch" time="0.007" /><testcase classname="tests.test_rmsnorm" name="test_rmsnorm_forward_pass_triton" time="3.520" /><testcase classname="tests.test_rmsnorm" name="test_rmsnorm_backward_x_pytorch" time="0.255" /><testcase classname="tests.test_rmsnorm" name="test_rmsnorm_backward_g_pytorch" time="0.002" /><testcase classname="tests.test_rmsnorm" name="test_rmsnorm_backward_x_triton" time="0.058" /><testcase classname="tests.test_rmsnorm" name="test_rmsnorm_backward_g_triton" time="0.003" /><testcase classname="tests.test_rmsnorm" name="test_rmsnorm_autograd_pytorch_forward_backward" time="0.006" /><testcase classname="tests.test_rmsnorm" name="test_rmsnorm_autograd_triton_forward_backward" time="0.002" /><testcase classname="tests.test_sharded_optimizer" name="test_sharded_optimizer[ToyModel]" time="8.226" /><testcase classname="tests.test_sharded_optimizer" name="test_sharded_optimizer[ToyModelWithTiedWeights]" time="6.805" /></testsuite></testsuites>